\BOOKMARK [1][-]{section.1}{\376\377\000I\000n\000t\000r\000o\000d\000u\000c\000t\000i\000o\000n}{}% 1
\BOOKMARK [1][-]{section.2}{\376\377\000R\000e\000f\000e\000r\000e\000n\000c\000e\000\040\000W\000o\000r\000k\000f\000l\000o\000w}{}% 2
\BOOKMARK [2][-]{subsection.2.1}{\376\377\000T\000h\000r\000e\000e\000\040\000t\000r\000i\000g\000g\000e\000r\000\040\000p\000o\000i\000n\000t\000s}{section.2}% 3
\BOOKMARK [2][-]{subsection.2.2}{\376\377\000F\000a\000i\000l\000u\000r\000e\000-\000m\000o\000d\000e\000\040\000t\000r\000e\000e}{section.2}% 4
\BOOKMARK [2][-]{subsection.2.3}{\376\377\000C\000a\000c\000h\000e\000\040\000k\000e\000y\000\040\000d\000e\000s\000i\000g\000n}{section.2}% 5
\BOOKMARK [2][-]{subsection.2.4}{\376\377\000W\000h\000a\000t\000\040\000t\000h\000e\000\040\000P\000R\000\040\000c\000o\000m\000m\000e\000n\000t\000\040\000l\000o\000o\000k\000s\000\040\000l\000i\000k\000e}{section.2}% 6
\BOOKMARK [1][-]{section.3}{\376\377\000T\000h\000e\000\040\000j\000m\000l\000-\000c\000i\000\040\000C\000L\000I}{}% 7
\BOOKMARK [1][-]{section.4}{\376\377\000P\000l\000a\000t\000f\000o\000r\000m\000\040\000I\000m\000p\000l\000e\000m\000e\000n\000t\000a\000t\000i\000o\000n\000s}{}% 8
\BOOKMARK [2][-]{subsection.4.1}{\376\377\000G\000i\000t\000H\000u\000b\000\040\000A\000c\000t\000i\000o\000n\000s\000\040\000r\000e\000u\000s\000a\000b\000l\000e\000\040\000w\000o\000r\000k\000f\000l\000o\000w}{section.4}% 9
\BOOKMARK [2][-]{subsection.4.2}{\376\377\000G\000i\000t\000L\000a\000b\000\040\000C\000I\000\040\000t\000e\000m\000p\000l\000a\000t\000e}{section.4}% 10
\BOOKMARK [2][-]{subsection.4.3}{\376\377\000J\000e\000n\000k\000i\000n\000s\000\040\000d\000e\000c\000l\000a\000r\000a\000t\000i\000v\000e\000\040\000p\000i\000p\000e\000l\000i\000n\000e}{section.4}% 11
\BOOKMARK [2][-]{subsection.4.4}{\376\377\000C\000o\000v\000e\000r\000a\000g\000e\000\040\000o\000f\000\040\000t\000h\000e\000\040\000t\000h\000r\000e\000e\000\040\000t\000r\000i\000g\000g\000e\000r\000s}{section.4}% 12
\BOOKMARK [1][-]{section.5}{\376\377\000S\000e\000l\000f\000-\000T\000e\000s\000t}{}% 13
\BOOKMARK [1][-]{section.6}{\376\377\000E\000m\000p\000i\000r\000i\000c\000a\000l\000\040\000S\000t\000u\000d\000y\000\040\000D\000e\000s\000i\000g\000n\000\040\000\050\000P\000l\000a\000n\000n\000e\000d\000\051}{}% 14
\BOOKMARK [2][-]{subsection.6.1}{\376\377\000S\000u\000b\000j\000e\000c\000t\000s}{section.6}% 15
\BOOKMARK [2][-]{subsection.6.2}{\376\377\000P\000r\000o\000c\000e\000d\000u\000r\000e}{section.6}% 16
\BOOKMARK [2][-]{subsection.6.3}{\376\377\000M\000e\000t\000r\000i\000c\000s}{section.6}% 17
\BOOKMARK [2][-]{subsection.6.4}{\376\377\000Q\000u\000a\000l\000i\000t\000a\000t\000i\000v\000e\000\040\000d\000i\000m\000e\000n\000s\000i\000o\000n}{section.6}% 18
\BOOKMARK [2][-]{subsection.6.5}{\376\377\000T\000h\000r\000e\000a\000t\000s\000\040\000s\000p\000e\000c\000i\000f\000i\000c\000\040\000t\000o\000\040\000t\000h\000e\000\040\000p\000l\000a\000n\000n\000e\000d\000\040\000s\000t\000u\000d\000y}{section.6}% 19
\BOOKMARK [1][-]{section.7}{\376\377\000T\000h\000r\000e\000a\000t\000s\000\040\000t\000o\000\040\000V\000a\000l\000i\000d\000i\000t\000y}{}% 20
\BOOKMARK [1][-]{section.8}{\376\377\000R\000e\000l\000a\000t\000e\000d\000\040\000W\000o\000r\000k}{}% 21
\BOOKMARK [1][-]{section.9}{\376\377\000C\000o\000n\000c\000l\000u\000s\000i\000o\000n}{}% 22
