\BOOKMARK [0][-]{chapter*.1}{\376\377\000A\000b\000s\000t\000r\000a\000c\000t}{}% 1
\BOOKMARK [0][-]{chapter*.2}{\376\377\000D\000e\000c\000l\000a\000r\000a\000t\000i\000o\000n\000\040\000b\000y\000\040\000A\000u\000t\000h\000o\000r}{}% 2
\BOOKMARK [0][-]{chapter*.3}{\376\377\000P\000u\000b\000l\000i\000c\000a\000t\000i\000o\000n\000s\000\040\000D\000u\000r\000i\000n\000g\000\040\000C\000a\000n\000d\000i\000d\000a\000t\000u\000r\000e}{}% 3
\BOOKMARK [0][-]{chapter*.4}{\376\377\000A\000c\000k\000n\000o\000w\000l\000e\000d\000g\000e\000m\000e\000n\000t\000s}{}% 4
\BOOKMARK [0][-]{chapter.1}{\376\377\000I\000n\000t\000r\000o\000d\000u\000c\000t\000i\000o\000n}{}% 5
\BOOKMARK [1][-]{section.1.1}{\376\377\000W\000h\000y\000\040\000F\000o\000r\000m\000a\000l\000\040\000M\000e\000t\000h\000o\000d\000s\000\040\000S\000t\000a\000y\000\040\000N\000i\000c\000h\000e}{chapter.1}% 6
\BOOKMARK [2][-]{subsection.1.1.1}{\376\377\000W\000h\000a\000t\000\040\000C\000o\000d\000e\000\040\000D\000o\000e\000s\000\040\000V\000e\000r\000s\000u\000s\000\040\000W\000h\000a\000t\000\040\000I\000t\000\040\000S\000h\000o\000u\000l\000d\000\040\000D\000o}{section.1.1}% 7
\BOOKMARK [1][-]{section.1.2}{\376\377\000T\000h\000e\000\040\000S\000p\000e\000c\000i\000f\000i\000c\000a\000t\000i\000o\000n\000\040\000G\000a\000p\000\040\000i\000n\000\040\000P\000r\000a\000c\000t\000i\000c\000e}{chapter.1}% 8
\BOOKMARK [1][-]{section.1.3}{\376\377\000T\000w\000o\000\040\000R\000o\000u\000t\000e\000s\000\040\000O\000u\000t\000\040\000o\000f\000\040\000t\000h\000e\000\040\000N\000i\000c\000h\000e}{chapter.1}% 9
\BOOKMARK [1][-]{section.1.4}{\376\377\000T\000h\000e\000s\000i\000s\000\040\000S\000t\000a\000t\000e\000m\000e\000n\000t}{chapter.1}% 10
\BOOKMARK [1][-]{section.1.5}{\376\377\000R\000e\000s\000e\000a\000r\000c\000h\000\040\000Q\000u\000e\000s\000t\000i\000o\000n\000s}{chapter.1}% 11
\BOOKMARK [1][-]{section.1.6}{\376\377\000C\000o\000n\000t\000r\000i\000b\000u\000t\000i\000o\000n\000s}{chapter.1}% 12
\BOOKMARK [1][-]{section.1.7}{\376\377\000R\000e\000s\000e\000a\000r\000c\000h\000\040\000A\000p\000p\000r\000o\000a\000c\000h\000\040\000a\000n\000d\000\040\000V\000a\000l\000i\000d\000a\000t\000i\000o\000n\000\040\000S\000t\000r\000a\000t\000e\000g\000y}{chapter.1}% 13
\BOOKMARK [1][-]{section.1.8}{\376\377\000A\000\040\000N\000o\000t\000e\000\040\000o\000n\000\040\000M\000e\000t\000h\000o\000d\000o\000l\000o\000g\000y\000\040\000a\000n\000d\000\040\000S\000t\000a\000n\000c\000e}{chapter.1}% 14
\BOOKMARK [1][-]{section.1.9}{\376\377\000T\000h\000e\000\040\000C\000o\000n\000t\000r\000i\000b\000u\000t\000i\000o\000n\000s\000\040\000i\000n\000\040\000R\000e\000l\000a\000t\000i\000o\000n\000\040\000t\000o\000\040\000t\000h\000e\000\040\000L\000i\000t\000e\000r\000a\000t\000u\000r\000e}{chapter.1}% 15
\BOOKMARK [1][-]{section.1.10}{\376\377\000S\000c\000o\000p\000e\000\040\000a\000n\000d\000\040\000D\000e\000l\000i\000m\000i\000t\000a\000t\000i\000o\000n\000s}{chapter.1}% 16
\BOOKMARK [1][-]{section.1.11}{\376\377\000T\000h\000e\000s\000i\000s\000\040\000S\000t\000r\000u\000c\000t\000u\000r\000e}{chapter.1}% 17
\BOOKMARK [0][-]{chapter.2}{\376\377\000B\000a\000c\000k\000g\000r\000o\000u\000n\000d\000\040\000a\000n\000d\000\040\000R\000e\000l\000a\000t\000e\000d\000\040\000W\000o\000r\000k}{}% 18
\BOOKMARK [1][-]{section.2.1}{\376\377\000P\000r\000o\000g\000r\000a\000m\000\040\000R\000e\000a\000s\000o\000n\000i\000n\000g\000:\000\040\000H\000o\000a\000r\000e\000\040\000L\000o\000g\000i\000c\000\040\000a\000n\000d\000\040\000P\000r\000e\000d\000i\000c\000a\000t\000e\000\040\000T\000r\000a\000n\000s\000f\000o\000r\000m\000e\000r\000s}{chapter.2}% 19
\BOOKMARK [2][-]{subsection.2.1.1}{\376\377\000T\000h\000e\000\040\000L\000i\000n\000e\000a\000g\000e\000\040\000o\000f\000\040\000P\000r\000o\000g\000r\000a\000m\000\040\000P\000r\000o\000o\000f}{section.2.1}% 20
\BOOKMARK [2][-]{subsection.2.1.2}{\376\377\000T\000h\000e\000\040\000W\000e\000a\000k\000e\000s\000t\000\040\000P\000r\000e\000c\000o\000n\000d\000i\000t\000i\000o\000n}{section.2.1}% 21
\BOOKMARK [2][-]{subsection.2.1.3}{\376\377\000T\000h\000e\000\040\000T\000r\000a\000n\000s\000f\000o\000r\000m\000e\000r\000\040\000R\000u\000l\000e\000s\000,\000\040\000C\000o\000n\000c\000r\000e\000t\000e\000l\000y}{section.2.1}% 22
\BOOKMARK [2][-]{subsection.2.1.4}{\376\377\000T\000h\000e\000\040\000S\000t\000r\000o\000n\000g\000e\000s\000t\000\040\000P\000o\000s\000t\000c\000o\000n\000d\000i\000t\000i\000o\000n}{section.2.1}% 23
\BOOKMARK [2][-]{subsection.2.1.5}{\376\377\000W\000h\000y\000\040\000a\000\040\000C\000o\000m\000p\000l\000e\000t\000e\000\040\000I\000m\000p\000l\000e\000m\000e\000n\000t\000a\000t\000i\000o\000n\000\040\000D\000o\000e\000s\000\040\000N\000o\000t\000\040\000S\000c\000a\000l\000e}{section.2.1}% 24
\BOOKMARK [2][-]{subsection.2.1.6}{\376\377\000T\000w\000o\000\040\000U\000s\000e\000s\000\040\000o\000f\000\040\000a\000\040\000S\000p\000e\000c\000i\000f\000i\000c\000a\000t\000i\000o\000n\000:\000\040\000V\000e\000r\000i\000f\000y\000i\000n\000g\000\040\000a\000n\000d\000\040\000T\000e\000s\000t\000i\000n\000g}{section.2.1}% 25
\BOOKMARK [1][-]{section.2.2}{\376\377\000A\000b\000s\000t\000r\000a\000c\000t\000\040\000I\000n\000t\000e\000r\000p\000r\000e\000t\000a\000t\000i\000o\000n\000\040\000a\000n\000d\000\040\000S\000o\000u\000n\000d\000\040\000A\000p\000p\000r\000o\000x\000i\000m\000a\000t\000i\000o\000n}{chapter.2}% 26
\BOOKMARK [1][-]{section.2.3}{\376\377\000T\000h\000e\000\040\000J\000a\000v\000a\000\040\000M\000o\000d\000e\000l\000i\000n\000g\000\040\000L\000a\000n\000g\000u\000a\000g\000e\000\040\000a\000n\000d\000\040\000I\000t\000s\000\040\000V\000e\000r\000i\000f\000i\000e\000r\000s}{chapter.2}% 27
\BOOKMARK [2][-]{subsection.2.3.1}{\376\377\000S\000e\000m\000a\000n\000t\000i\000c\000s\000\040\000T\000h\000a\000t\000\040\000M\000a\000t\000t\000e\000r\000\040\000f\000o\000r\000\040\000I\000n\000f\000e\000r\000e\000n\000c\000e}{section.2.3}% 28
\BOOKMARK [2][-]{subsection.2.3.2}{\376\377\000A\000\040\000C\000o\000m\000p\000l\000e\000t\000e\000\040\000C\000o\000n\000t\000r\000a\000c\000t\000,\000\040\000A\000n\000n\000o\000t\000a\000t\000e\000d}{section.2.3}% 29
\BOOKMARK [2][-]{subsection.2.3.3}{\376\377\000V\000e\000r\000i\000f\000i\000c\000a\000t\000i\000o\000n\000\040\000T\000o\000o\000l\000s}{section.2.3}% 30
\BOOKMARK [1][-]{section.2.4}{\376\377\000D\000e\000s\000i\000g\000n\000\040\000b\000y\000\040\000C\000o\000n\000t\000r\000a\000c\000t\000\040\000a\000n\000d\000\040\000t\000h\000e\000\040\000I\000d\000e\000a\000\040\000o\000f\000\040\000a\000n\000\040\000O\000b\000l\000i\000g\000a\000t\000i\000o\000n}{chapter.2}% 31
\BOOKMARK [1][-]{section.2.5}{\376\377\000S\000p\000e\000c\000i\000f\000i\000c\000a\000t\000i\000o\000n\000\040\000I\000n\000f\000e\000r\000e\000n\000c\000e}{chapter.2}% 32
\BOOKMARK [2][-]{subsection.2.5.1}{\376\377\000D\000y\000n\000a\000m\000i\000c\000\040\000I\000n\000v\000a\000r\000i\000a\000n\000t\000\040\000D\000e\000t\000e\000c\000t\000i\000o\000n}{section.2.5}% 33
\BOOKMARK [2][-]{subsection.2.5.2}{\376\377\000W\000h\000y\000\040\000S\000t\000a\000t\000i\000c\000\040\000a\000n\000d\000\040\000D\000y\000n\000a\000m\000i\000c\000\040\000I\000n\000f\000e\000r\000e\000n\000c\000e\000\040\000F\000i\000n\000d\000\040\000D\000i\000f\000f\000e\000r\000e\000n\000t\000\040\000T\000h\000i\000n\000g\000s}{section.2.5}% 34
\BOOKMARK [2][-]{subsection.2.5.3}{\376\377\000V\000e\000r\000i\000f\000i\000c\000a\000t\000i\000o\000n\000-\000D\000r\000i\000v\000e\000n\000\040\000A\000n\000n\000o\000t\000a\000t\000i\000o\000n\000\040\000I\000n\000f\000e\000r\000e\000n\000c\000e}{section.2.5}% 35
\BOOKMARK [2][-]{subsection.2.5.4}{\376\377\000D\000o\000c\000u\000m\000e\000n\000t\000a\000t\000i\000o\000n\000-\000B\000a\000s\000e\000d\000\040\000E\000x\000t\000r\000a\000c\000t\000i\000o\000n}{section.2.5}% 36
\BOOKMARK [2][-]{subsection.2.5.5}{\376\377\000L\000a\000n\000g\000u\000a\000g\000e\000-\000M\000o\000d\000e\000l\000-\000B\000a\000s\000e\000d\000\040\000I\000n\000f\000e\000r\000e\000n\000c\000e}{section.2.5}% 37
\BOOKMARK [2][-]{subsection.2.5.6}{\376\377\000A\000\040\000F\000r\000a\000m\000e\000w\000o\000r\000k\000\040\000f\000o\000r\000\040\000C\000o\000m\000p\000a\000r\000i\000n\000g\000\040\000I\000n\000f\000e\000r\000e\000n\000c\000e\000\040\000A\000p\000p\000r\000o\000a\000c\000h\000e\000s}{section.2.5}% 38
\BOOKMARK [1][-]{section.2.6}{\376\377\000L\000a\000n\000g\000u\000a\000g\000e\000-\000M\000o\000d\000e\000l\000\040\000T\000e\000s\000t\000\040\000G\000e\000n\000e\000r\000a\000t\000i\000o\000n\000\040\000a\000n\000d\000\040\000t\000h\000e\000\040\000O\000r\000a\000c\000l\000e\000\040\000P\000r\000o\000b\000l\000e\000m}{chapter.2}% 39
\BOOKMARK [2][-]{subsection.2.6.1}{\376\377\000T\000h\000e\000\040\000T\000e\000s\000t\000\040\000O\000r\000a\000c\000l\000e\000,\000\040\000D\000e\000f\000i\000n\000e\000d}{section.2.6}% 40
\BOOKMARK [2][-]{subsection.2.6.2}{\376\377\000T\000h\000e\000\040\000O\000r\000a\000c\000l\000e\000\040\000P\000r\000o\000b\000l\000e\000m}{section.2.6}% 41
\BOOKMARK [2][-]{subsection.2.6.3}{\376\377\000W\000h\000y\000\040\000S\000p\000e\000c\000i\000f\000i\000c\000a\000t\000i\000o\000n\000s\000\040\000S\000h\000o\000u\000l\000d\000\040\000H\000e\000l\000p}{section.2.6}% 42
\BOOKMARK [2][-]{subsection.2.6.4}{\376\377\000T\000h\000e\000\040\000B\000r\000o\000a\000d\000e\000r\000\040\000L\000a\000n\000d\000s\000c\000a\000p\000e\000\040\000o\000f\000\040\000L\000e\000a\000r\000n\000e\000d\000\040\000C\000o\000d\000e\000\040\000M\000o\000d\000e\000l\000s}{section.2.6}% 43
\BOOKMARK [1][-]{section.2.7}{\376\377\000M\000u\000t\000a\000t\000i\000o\000n\000\040\000T\000e\000s\000t\000i\000n\000g\000\040\000a\000s\000\040\000E\000v\000a\000l\000u\000a\000t\000i\000o\000n\000\040\000M\000e\000t\000h\000o\000d\000o\000l\000o\000g\000y}{chapter.2}% 44
\BOOKMARK [1][-]{section.2.8}{\376\377\000S\000M\000T\000\040\000S\000o\000l\000v\000e\000r\000s\000\040\000a\000n\000d\000\040\000t\000h\000e\000\040\000L\000i\000m\000i\000t\000s\000\040\000o\000f\000\040\000A\000u\000t\000o\000m\000a\000t\000e\000d\000\040\000D\000i\000s\000c\000h\000a\000r\000g\000e}{chapter.2}% 45
\BOOKMARK [1][-]{section.2.9}{\376\377\000R\000u\000n\000t\000i\000m\000e\000\040\000V\000e\000r\000i\000f\000i\000c\000a\000t\000i\000o\000n\000\040\000a\000n\000d\000\040\000t\000h\000e\000\040\000S\000p\000e\000c\000t\000r\000u\000m\000\040\000o\000f\000\040\000C\000h\000e\000c\000k\000i\000n\000g}{chapter.2}% 46
\BOOKMARK [1][-]{section.2.10}{\376\377\000D\000i\000s\000t\000r\000i\000b\000u\000t\000i\000n\000g\000\040\000S\000p\000e\000c\000i\000f\000i\000c\000a\000t\000i\000o\000n\000s\000\040\000A\000l\000o\000n\000g\000s\000i\000d\000e\000\040\000C\000o\000m\000p\000i\000l\000e\000d\000\040\000C\000o\000d\000e}{chapter.2}% 47
\BOOKMARK [1][-]{section.2.11}{\376\377\000C\000o\000m\000p\000o\000s\000i\000t\000i\000o\000n\000a\000l\000\040\000a\000n\000d\000\040\000I\000n\000t\000e\000r\000p\000r\000o\000c\000e\000d\000u\000r\000a\000l\000\040\000A\000n\000a\000l\000y\000s\000i\000s}{chapter.2}% 48
\BOOKMARK [1][-]{section.2.12}{\376\377\000S\000p\000e\000c\000i\000f\000i\000c\000a\000t\000i\000o\000n\000-\000B\000a\000s\000e\000d\000\040\000T\000e\000s\000t\000i\000n\000g\000\040\000a\000n\000d\000\040\000T\000e\000s\000t\000\040\000G\000e\000n\000e\000r\000a\000t\000i\000o\000n}{chapter.2}% 49
\BOOKMARK [1][-]{section.2.13}{\376\377\000T\000h\000e\000\040\000C\000o\000s\000t\000\040\000o\000f\000\040\000S\000p\000e\000c\000i\000f\000i\000c\000a\000t\000i\000o\000n\000\040\000a\000n\000d\000\040\000t\000h\000e\000\040\000A\000d\000o\000p\000t\000i\000o\000n\000\040\000B\000a\000r\000r\000i\000e\000r}{chapter.2}% 50
\BOOKMARK [1][-]{section.2.14}{\376\377\000P\000o\000s\000i\000t\000i\000o\000n\000i\000n\000g\000\040\000o\000f\000\040\000T\000h\000i\000s\000\040\000T\000h\000e\000s\000i\000s}{chapter.2}% 51
\BOOKMARK [0][-]{chapter.3}{\376\377\000T\000h\000e\000\040\000J\000M\000L\000-\000I\000n\000f\000e\000r\000r\000e\000r\000\040\000S\000y\000s\000t\000e\000m}{}% 52
\BOOKMARK [1][-]{section.3.1}{\376\377\000A\000r\000c\000h\000i\000t\000e\000c\000t\000u\000r\000e}{chapter.3}% 53
\BOOKMARK [2][-]{subsection.3.1.1}{\376\377\000D\000e\000s\000i\000g\000n\000\040\000P\000h\000i\000l\000o\000s\000o\000p\000h\000y\000\040\000a\000n\000d\000\040\000E\000n\000g\000i\000n\000e\000e\000r\000i\000n\000g\000\040\000C\000o\000n\000s\000t\000r\000a\000i\000n\000t\000s}{section.3.1}% 54
\BOOKMARK [2][-]{subsection.3.1.2}{\376\377\000W\000h\000y\000\040\000P\000a\000t\000t\000e\000r\000n\000\040\000M\000a\000t\000c\000h\000i\000n\000g\000\040\000R\000a\000t\000h\000e\000r\000\040\000T\000h\000a\000n\000\040\000S\000y\000m\000b\000o\000l\000i\000c\000\040\000E\000x\000e\000c\000u\000t\000i\000o\000n}{section.3.1}% 55
\BOOKMARK [2][-]{subsection.3.1.3}{\376\377\000T\000h\000e\000\040\000S\000u\000b\000-\000A\000n\000a\000l\000y\000s\000e\000r\000\040\000C\000o\000m\000p\000o\000s\000i\000t\000i\000o\000n}{section.3.1}% 56
\BOOKMARK [1][-]{section.3.2}{\376\377\000T\000h\000e\000\040\000W\000P\000/\000S\000P\000\040\000D\000e\000s\000i\000g\000n\000\040\000D\000i\000s\000c\000i\000p\000l\000i\000n\000e}{chapter.3}% 57
\BOOKMARK [1][-]{section.3.3}{\376\377\000P\000r\000e\000c\000o\000n\000d\000i\000t\000i\000o\000n\000\040\000I\000n\000f\000e\000r\000e\000n\000c\000e}{chapter.3}% 58
\BOOKMARK [2][-]{subsection.3.3.1}{\376\377\000W\000h\000a\000t\000\040\000t\000h\000e\000\040\000D\000i\000s\000c\000i\000p\000l\000i\000n\000e\000\040\000E\000x\000c\000l\000u\000d\000e\000s}{section.3.3}% 59
\BOOKMARK [2][-]{subsection.3.3.2}{\376\377\000A\000\040\000W\000o\000r\000k\000e\000d\000\040\000E\000x\000a\000m\000p\000l\000e}{section.3.3}% 60
\BOOKMARK [1][-]{section.3.4}{\376\377\000P\000o\000s\000t\000c\000o\000n\000d\000i\000t\000i\000o\000n\000\040\000I\000n\000f\000e\000r\000e\000n\000c\000e}{chapter.3}% 61
\BOOKMARK [2][-]{subsection.3.4.1}{\376\377\000B\000r\000a\000n\000c\000h\000-\000S\000e\000n\000s\000i\000t\000i\000v\000e\000\040\000P\000o\000s\000t\000c\000o\000n\000d\000i\000t\000i\000o\000n\000s}{section.3.4}% 62
\BOOKMARK [2][-]{subsection.3.4.2}{\376\377\000T\000h\000e\000\040\000S\000y\000m\000b\000o\000l\000i\000c\000\040\000E\000x\000e\000c\000u\000t\000o\000r\000\040\000a\000n\000d\000\040\000P\000a\000t\000h\000\040\000C\000o\000n\000d\000i\000t\000i\000o\000n\000s}{section.3.4}% 63
\BOOKMARK [2][-]{subsection.3.4.3}{\376\377\000S\000o\000u\000n\000d\000n\000e\000s\000s\000\040\000G\000a\000t\000i\000n\000g\000\040\000b\000y\000\040\000R\000e\000t\000u\000r\000n\000\040\000T\000y\000p\000e}{section.3.4}% 64
\BOOKMARK [1][-]{section.3.5}{\376\377\000L\000o\000o\000p\000\040\000I\000n\000v\000a\000r\000i\000a\000n\000t\000\040\000I\000n\000f\000e\000r\000e\000n\000c\000e}{chapter.3}% 65
\BOOKMARK [2][-]{subsection.3.5.1}{\376\377\000P\000r\000o\000m\000o\000t\000i\000o\000n\000\040\000o\000f\000\040\000I\000n\000v\000a\000r\000i\000a\000n\000t\000s\000\040\000t\000o\000\040\000P\000o\000s\000t\000c\000o\000n\000d\000i\000t\000i\000o\000n\000s}{section.3.5}% 66
\BOOKMARK [1][-]{section.3.6}{\376\377\000F\000r\000a\000m\000e\000\040\000C\000o\000n\000d\000i\000t\000i\000o\000n\000s\000\040\000a\000n\000d\000\040\000P\000u\000r\000i\000t\000y}{chapter.3}% 67
\BOOKMARK [1][-]{section.3.7}{\376\377\000I\000n\000t\000e\000r\000p\000r\000o\000c\000e\000d\000u\000r\000a\000l\000\040\000P\000r\000o\000p\000a\000g\000a\000t\000i\000o\000n}{chapter.3}% 68
\BOOKMARK [2][-]{subsection.3.7.1}{\376\377\000T\000h\000e\000\040\000S\000t\000a\000n\000d\000a\000r\000d\000\040\000L\000i\000b\000r\000a\000r\000y\000\040\000S\000p\000e\000c\000i\000f\000i\000c\000a\000t\000i\000o\000n\000\040\000D\000a\000t\000a\000b\000a\000s\000e}{section.3.7}% 69
\BOOKMARK [2][-]{subsection.3.7.2}{\376\377\000T\000h\000e\000\040\000B\000o\000u\000n\000d\000a\000r\000i\000e\000s\000\040\000o\000f\000\040\000H\000e\000u\000r\000i\000s\000t\000i\000c\000\040\000I\000n\000f\000e\000r\000e\000n\000c\000e}{section.3.7}% 70
\BOOKMARK [1][-]{section.3.8}{\376\377\000F\000o\000r\000m\000a\000l\000\040\000V\000a\000l\000i\000d\000a\000t\000i\000o\000n}{chapter.3}% 71
\BOOKMARK [2][-]{subsection.3.8.1}{\376\377\000E\000x\000t\000e\000n\000d\000i\000n\000g\000\040\000t\000h\000e\000\040\000V\000e\000r\000i\000f\000i\000e\000r}{section.3.8}% 72
\BOOKMARK [2][-]{subsection.3.8.2}{\376\377\000S\000t\000r\000i\000c\000t\000n\000e\000s\000s\000\040\000C\000o\000n\000f\000i\000g\000u\000r\000a\000t\000i\000o\000n}{section.3.8}% 73
\BOOKMARK [2][-]{subsection.3.8.3}{\376\377\000T\000h\000e\000\040\000T\000w\000o\000\040\000L\000a\000y\000e\000r\000s\000\040\000A\000r\000e\000\040\000I\000n\000d\000e\000p\000e\000n\000d\000e\000n\000t}{section.3.8}% 74
\BOOKMARK [1][-]{section.3.9}{\376\377\000C\000l\000a\000s\000s\000\040\000I\000n\000v\000a\000r\000i\000a\000n\000t\000s\000\040\000a\000n\000d\000\040\000H\000i\000s\000t\000o\000r\000y\000\040\000C\000o\000n\000s\000t\000r\000a\000i\000n\000t\000s}{chapter.3}% 75
\BOOKMARK [1][-]{section.3.10}{\376\377\000A\000n\000\040\000E\000n\000d\000-\000t\000o\000-\000E\000n\000d\000\040\000E\000x\000a\000m\000p\000l\000e}{chapter.3}% 76
\BOOKMARK [1][-]{section.3.11}{\376\377\000M\000e\000t\000h\000o\000d\000\040\000C\000a\000t\000e\000g\000o\000r\000i\000s\000a\000t\000i\000o\000n}{chapter.3}% 77
\BOOKMARK [2][-]{subsection.3.11.1}{\376\377\000H\000o\000w\000\040\000I\000n\000f\000e\000r\000e\000n\000c\000e\000\040\000B\000e\000h\000a\000v\000i\000o\000u\000r\000\040\000V\000a\000r\000i\000e\000s\000\040\000b\000y\000\040\000C\000a\000t\000e\000g\000o\000r\000y}{section.3.11}% 78
\BOOKMARK [1][-]{section.3.12}{\376\377\000O\000p\000e\000r\000a\000t\000i\000o\000n\000,\000\040\000L\000o\000g\000g\000i\000n\000g\000,\000\040\000a\000n\000d\000\040\000D\000i\000a\000g\000n\000o\000s\000t\000i\000c\000s}{chapter.3}% 79
\BOOKMARK [1][-]{section.3.13}{\376\377\000S\000u\000m\000m\000a\000r\000y}{chapter.3}% 80
\BOOKMARK [0][-]{chapter.4}{\376\377\000S\000p\000e\000c\000i\000f\000i\000c\000a\000t\000i\000o\000n\000s\000\040\000f\000o\000r\000\040\000L\000a\000n\000g\000u\000a\000g\000e\000-\000M\000o\000d\000e\000l\000\040\000T\000e\000s\000t\000\040\000G\000e\000n\000e\000r\000a\000t\000i\000o\000n}{}% 81
\BOOKMARK [1][-]{section.4.1}{\376\377\000T\000h\000e\000\040\000O\000r\000a\000c\000l\000e\000\040\000P\000r\000o\000b\000l\000e\000m\000,\000\040\000C\000o\000n\000c\000r\000e\000t\000e\000l\000y}{chapter.4}% 82
\BOOKMARK [1][-]{section.4.2}{\376\377\000E\000x\000p\000e\000r\000i\000m\000e\000n\000t\000a\000l\000\040\000D\000e\000s\000i\000g\000n}{chapter.4}% 83
\BOOKMARK [2][-]{subsection.4.2.1}{\376\377\000S\000u\000b\000j\000e\000c\000t\000\040\000S\000e\000l\000e\000c\000t\000i\000o\000n}{section.4.2}% 84
\BOOKMARK [2][-]{subsection.4.2.2}{\376\377\000M\000e\000t\000r\000i\000c\000s}{section.4.2}% 85
\BOOKMARK [2][-]{subsection.4.2.3}{\376\377\000S\000t\000a\000t\000i\000s\000t\000i\000c\000a\000l\000\040\000A\000n\000a\000l\000y\000s\000i\000s}{section.4.2}% 86
\BOOKMARK [2][-]{subsection.4.2.4}{\376\377\000T\000h\000e\000\040\000E\000x\000p\000e\000r\000i\000m\000e\000n\000t\000a\000l\000\040\000I\000n\000f\000r\000a\000s\000t\000r\000u\000c\000t\000u\000r\000e}{section.4.2}% 87
\BOOKMARK [2][-]{subsection.4.2.5}{\376\377\000R\000e\000p\000r\000o\000d\000u\000c\000i\000b\000i\000l\000i\000t\000y\000\040\000a\000n\000d\000\040\000t\000h\000e\000\040\000R\000e\000p\000l\000i\000c\000a\000t\000i\000o\000n\000\040\000P\000a\000c\000k\000a\000g\000e}{section.4.2}% 88
\BOOKMARK [1][-]{section.4.3}{\376\377\000F\000i\000d\000e\000l\000i\000t\000y\000\040\000o\000f\000\040\000t\000h\000e\000\040\000I\000n\000f\000e\000r\000r\000e\000d\000\040\000S\000p\000e\000c\000i\000f\000i\000c\000a\000t\000i\000o\000n\000s\000\040\000\050\000R\000Q\0001\000\051}{chapter.4}% 89
\BOOKMARK [2][-]{subsection.4.3.1}{\376\377\000M\000a\000n\000u\000a\000l\000\040\000V\000a\000l\000i\000d\000a\000t\000i\000o\000n\000\040\000A\000g\000a\000i\000n\000s\000t\000\040\000D\000o\000c\000u\000m\000e\000n\000t\000e\000d\000\040\000I\000n\000t\000e\000n\000t}{section.4.3}% 90
\BOOKMARK [2][-]{subsection.4.3.2}{\376\377\000T\000h\000e\000\040\000M\000a\000n\000u\000a\000l\000\040\000V\000a\000l\000i\000d\000a\000t\000i\000o\000n\000\040\000P\000r\000o\000t\000o\000c\000o\000l}{section.4.3}% 91
\BOOKMARK [2][-]{subsection.4.3.3}{\376\377\000F\000o\000r\000m\000a\000l\000\040\000D\000i\000s\000c\000h\000a\000r\000g\000e\000\040\000A\000g\000a\000i\000n\000s\000t\000\040\000t\000h\000e\000\040\000I\000m\000p\000l\000e\000m\000e\000n\000t\000a\000t\000i\000o\000n}{section.4.3}% 92
\BOOKMARK [2][-]{subsection.4.3.4}{\376\377\000T\000h\000e\000\040\000C\000o\000m\000p\000a\000r\000i\000s\000o\000n\000\040\000B\000a\000s\000e\000l\000i\000n\000e\000s\000\040\000i\000n\000\040\000D\000e\000t\000a\000i\000l}{section.4.3}% 93
\BOOKMARK [2][-]{subsection.4.3.5}{\376\377\000C\000o\000m\000p\000a\000r\000i\000s\000o\000n\000\040\000W\000i\000t\000h\000\040\000O\000t\000h\000e\000r\000\040\000I\000n\000f\000e\000r\000e\000n\000c\000e\000\040\000A\000p\000p\000r\000o\000a\000c\000h\000e\000s}{section.4.3}% 94
\BOOKMARK [1][-]{section.4.4}{\376\377\000V\000a\000l\000u\000e\000\040\000o\000f\000\040\000S\000p\000e\000c\000i\000f\000i\000c\000a\000t\000i\000o\000n\000s\000\040\000f\000o\000r\000\040\000T\000e\000s\000t\000\040\000G\000e\000n\000e\000r\000a\000t\000i\000o\000n\000\040\000\050\000R\000Q\0002\000\051}{chapter.4}% 95
\BOOKMARK [2][-]{subsection.4.4.1}{\376\377\000T\000h\000e\000\040\000P\000r\000i\000n\000c\000i\000p\000a\000l\000\040\000F\000i\000n\000d\000i\000n\000g}{section.4.4}% 96
\BOOKMARK [2][-]{subsection.4.4.2}{\376\377\000W\000h\000y\000\040\000M\000o\000r\000e\000\040\000T\000e\000s\000t\000s\000\040\000A\000r\000e\000\040\000N\000o\000t\000\040\000B\000e\000t\000t\000e\000r\000\040\000T\000e\000s\000t\000s}{section.4.4}% 97
\BOOKMARK [2][-]{subsection.4.4.3}{\376\377\000S\000p\000e\000c\000i\000f\000i\000c\000a\000t\000i\000o\000n\000\040\000S\000t\000r\000e\000n\000g\000t\000h\000\040\000a\000n\000d\000\040\000I\000t\000s\000\040\000C\000o\000n\000s\000e\000q\000u\000e\000n\000c\000e\000s}{section.4.4}% 98
\BOOKMARK [2][-]{subsection.4.4.4}{\376\377\000W\000h\000e\000r\000e\000\040\000S\000p\000e\000c\000i\000f\000i\000c\000a\000t\000i\000o\000n\000s\000\040\000H\000e\000l\000p\000\040\000M\000o\000s\000t}{section.4.4}% 99
\BOOKMARK [1][-]{section.4.5}{\376\377\000A\000\040\000C\000l\000o\000s\000e\000r\000\040\000L\000o\000o\000k\000\040\000a\000t\000\040\000I\000n\000d\000i\000v\000i\000d\000u\000a\000l\000\040\000C\000l\000a\000s\000s\000e\000s}{chapter.4}% 100
\BOOKMARK [1][-]{section.4.6}{\376\377\000W\000h\000e\000r\000e\000\040\000t\000h\000e\000\040\000M\000u\000t\000a\000n\000t\000s\000\040\000A\000r\000e\000\040\000K\000i\000l\000l\000e\000d}{chapter.4}% 101
\BOOKMARK [1][-]{section.4.7}{\376\377\000D\000i\000s\000c\000u\000s\000s\000i\000o\000n}{chapter.4}% 102
\BOOKMARK [2][-]{subsection.4.7.1}{\376\377\000W\000h\000a\000t\000\040\000t\000h\000e\000\040\000T\000w\000o\000\040\000R\000e\000s\000u\000l\000t\000s\000\040\000T\000o\000g\000e\000t\000h\000e\000r\000\040\000E\000s\000t\000a\000b\000l\000i\000s\000h}{section.4.7}% 103
\BOOKMARK [2][-]{subsection.4.7.2}{\376\377\000T\000h\000e\000\040\000T\000h\000r\000e\000e\000\040\000T\000r\000a\000c\000t\000a\000b\000i\000l\000i\000t\000y\000\040\000L\000i\000m\000i\000t\000s}{section.4.7}% 104
\BOOKMARK [2][-]{subsection.4.7.3}{\376\377\000T\000h\000e\000\040\000T\000r\000a\000c\000t\000a\000b\000i\000l\000i\000t\000y\000\040\000L\000i\000m\000i\000t\000s\000,\000\040\000W\000i\000t\000h\000\040\000E\000x\000a\000m\000p\000l\000e\000s}{section.4.7}% 105
\BOOKMARK [2][-]{subsection.4.7.4}{\376\377\000I\000m\000p\000l\000i\000c\000a\000t\000i\000o\000n\000s}{section.4.7}% 106
\BOOKMARK [1][-]{section.4.8}{\376\377\000Q\000u\000a\000l\000i\000t\000a\000t\000i\000v\000e\000\040\000A\000n\000a\000l\000y\000s\000i\000s\000\040\000o\000f\000\040\000G\000e\000n\000e\000r\000a\000t\000e\000d\000\040\000T\000e\000s\000t\000s}{chapter.4}% 107
\BOOKMARK [1][-]{section.4.9}{\376\377\000T\000h\000r\000e\000a\000t\000s\000\040\000t\000o\000\040\000V\000a\000l\000i\000d\000i\000t\000y}{chapter.4}% 108
\BOOKMARK [1][-]{section.4.10}{\376\377\000T\000h\000e\000\040\000G\000e\000n\000e\000r\000a\000l\000i\000s\000a\000t\000i\000o\000n\000\040\000t\000o\000\040\000S\000e\000r\000v\000i\000c\000e\000-\000B\000o\000u\000n\000d\000a\000r\000y\000\040\000C\000o\000d\000e}{chapter.4}% 109
\BOOKMARK [0][-]{chapter.5}{\376\377\000D\000i\000s\000t\000r\000i\000b\000u\000t\000i\000n\000g\000\040\000I\000n\000f\000e\000r\000r\000e\000d\000\040\000S\000p\000e\000c\000i\000f\000i\000c\000a\000t\000i\000o\000n\000s}{}% 110
\BOOKMARK [1][-]{section.5.1}{\376\377\000T\000h\000e\000\040\000D\000i\000s\000t\000r\000i\000b\000u\000t\000i\000o\000n\000\040\000G\000a\000p}{chapter.5}% 111
\BOOKMARK [2][-]{subsection.5.1.1}{\376\377\000W\000h\000y\000\040\000E\000x\000i\000s\000t\000i\000n\000g\000\040\000C\000h\000a\000n\000n\000e\000l\000s\000\040\000F\000a\000l\000l\000\040\000S\000h\000o\000r\000t}{section.5.1}% 112
\BOOKMARK [1][-]{section.5.2}{\376\377\000F\000o\000r\000m\000a\000t\000\040\000D\000e\000s\000i\000g\000n}{chapter.5}% 113
\BOOKMARK [2][-]{subsection.5.2.1}{\376\377\000T\000h\000e\000\040\000A\000n\000n\000o\000t\000a\000t\000i\000o\000n\000\040\000T\000y\000p\000e}{section.5.2}% 114
\BOOKMARK [2][-]{subsection.5.2.2}{\376\377\000T\000h\000r\000e\000e\000\040\000S\000i\000z\000e\000\040\000O\000p\000t\000i\000m\000i\000s\000a\000t\000i\000o\000n\000s}{section.5.2}% 115
\BOOKMARK [2][-]{subsection.5.2.3}{\376\377\000C\000a\000n\000o\000n\000i\000c\000a\000l\000\040\000F\000o\000r\000m}{section.5.2}% 116
\BOOKMARK [2][-]{subsection.5.2.4}{\376\377\000T\000h\000e\000\040\000O\000p\000e\000n\000A\000P\000I\000\040\000E\000x\000t\000e\000n\000s\000i\000o\000n\000\040\000a\000n\000d\000\040\000t\000h\000e\000\040\000S\000i\000d\000e\000c\000a\000r}{section.5.2}% 117
\BOOKMARK [2][-]{subsection.5.2.5}{\376\377\000T\000h\000e\000\040\000O\000p\000e\000n\000A\000P\000I\000\040\000E\000x\000t\000e\000n\000s\000i\000o\000n\000\040\000i\000n\000\040\000D\000e\000p\000t\000h}{section.5.2}% 118
\BOOKMARK [1][-]{section.5.3}{\376\377\000D\000e\000p\000l\000o\000y\000m\000e\000n\000t\000\040\000S\000c\000e\000n\000a\000r\000i\000o\000s}{chapter.5}% 119
\BOOKMARK [1][-]{section.5.4}{\376\377\000I\000m\000p\000l\000e\000m\000e\000n\000t\000a\000t\000i\000o\000n}{chapter.5}% 120
\BOOKMARK [1][-]{section.5.5}{\376\377\000W\000h\000a\000t\000\040\000L\000o\000s\000s\000l\000e\000s\000s\000\040\000R\000o\000u\000n\000d\000t\000r\000i\000p\000\040\000M\000e\000a\000n\000s\000,\000\040\000P\000r\000e\000c\000i\000s\000e\000l\000y}{chapter.5}% 121
\BOOKMARK [1][-]{section.5.6}{\376\377\000E\000m\000p\000i\000r\000i\000c\000a\000l\000\040\000V\000a\000l\000i\000d\000a\000t\000i\000o\000n}{chapter.5}% 122
\BOOKMARK [2][-]{subsection.5.6.1}{\376\377\000L\000o\000s\000s\000l\000e\000s\000s\000\040\000R\000o\000u\000n\000d\000t\000r\000i\000p\000\040\000\050\000R\000Q\0003\000a\000\051}{section.5.6}% 123
\BOOKMARK [2][-]{subsection.5.6.2}{\376\377\000B\000y\000t\000e\000\040\000O\000v\000e\000r\000h\000e\000a\000d\000\040\000\050\000R\000Q\0003\000b\000\051}{section.5.6}% 124
\BOOKMARK [2][-]{subsection.5.6.3}{\376\377\000F\000o\000r\000m\000a\000t\000\040\000O\000p\000t\000i\000m\000i\000s\000a\000t\000i\000o\000n}{section.5.6}% 125
\BOOKMARK [2][-]{subsection.5.6.4}{\376\377\000T\000h\000r\000o\000u\000g\000h\000p\000u\000t\000\040\000\050\000R\000Q\0003\000c\000\051}{section.5.6}% 126
\BOOKMARK [2][-]{subsection.5.6.5}{\376\377\000T\000h\000r\000o\000u\000g\000h\000p\000u\000t\000\040\000i\000n\000\040\000C\000o\000n\000t\000e\000x\000t\000\040\000\050\000R\000Q\0003\000c\000\051}{section.5.6}% 127
\BOOKMARK [2][-]{subsection.5.6.6}{\376\377\000T\000o\000o\000l\000c\000h\000a\000i\000n\000\040\000C\000o\000m\000p\000a\000t\000i\000b\000i\000l\000i\000t\000y\000\040\000\050\000R\000Q\0003\000d\000\051}{section.5.6}% 128
\BOOKMARK [1][-]{section.5.7}{\376\377\000T\000h\000e\000\040\000C\000l\000a\000s\000s\000-\000F\000i\000l\000e\000\040\000F\000o\000r\000m\000a\000t\000\040\000a\000n\000d\000\040\000W\000h\000y\000\040\000t\000h\000e\000\040\000M\000e\000c\000h\000a\000n\000i\000s\000m\000\040\000I\000s\000\040\000T\000r\000a\000n\000s\000p\000a\000r\000e\000n\000t}{chapter.5}% 129
\BOOKMARK [2][-]{subsection.5.7.1}{\376\377\000A\000\040\000W\000o\000r\000k\000e\000d\000\040\000E\000m\000b\000e\000d\000d\000i\000n\000g}{section.5.7}% 130
\BOOKMARK [1][-]{section.5.8}{\376\377\000C\000o\000n\000s\000u\000m\000i\000n\000g\000\040\000E\000m\000b\000e\000d\000d\000e\000d\000\040\000S\000p\000e\000c\000i\000f\000i\000c\000a\000t\000i\000o\000n\000s}{chapter.5}% 131
\BOOKMARK [1][-]{section.5.9}{\376\377\000D\000i\000s\000c\000u\000s\000s\000i\000o\000n\000\040\000a\000n\000d\000\040\000T\000h\000r\000e\000a\000t\000s}{chapter.5}% 132
\BOOKMARK [2][-]{subsection.5.9.1}{\376\377\000W\000h\000a\000t\000\040\000t\000h\000e\000\040\000R\000e\000s\000u\000l\000t\000\040\000E\000s\000t\000a\000b\000l\000i\000s\000h\000e\000s}{section.5.9}% 133
\BOOKMARK [2][-]{subsection.5.9.2}{\376\377\000F\000o\000r\000m\000a\000t\000\040\000E\000v\000o\000l\000u\000t\000i\000o\000n\000\040\000a\000n\000d\000\040\000V\000e\000r\000s\000i\000o\000n\000i\000n\000g}{section.5.9}% 134
\BOOKMARK [2][-]{subsection.5.9.3}{\376\377\000W\000h\000e\000n\000\040\000t\000o\000\040\000E\000m\000b\000e\000d\000\040\000a\000n\000d\000\040\000W\000h\000e\000n\000\040\000N\000o\000t\000\040\000T\000o}{section.5.9}% 135
\BOOKMARK [2][-]{subsection.5.9.4}{\376\377\000T\000h\000r\000e\000a\000t\000s\000\040\000t\000o\000\040\000V\000a\000l\000i\000d\000i\000t\000y}{section.5.9}% 136
\BOOKMARK [0][-]{chapter.6}{\376\377\000C\000o\000m\000p\000o\000s\000i\000t\000i\000o\000n\000a\000l\000\040\000P\000r\000o\000p\000a\000g\000a\000t\000i\000o\000n\000\040\000a\000n\000d\000\040\000L\000i\000b\000r\000a\000r\000y\000\040\000C\000o\000m\000p\000a\000t\000i\000b\000i\000l\000i\000t\000y}{}% 137
\BOOKMARK [1][-]{section.6.1}{\376\377\000W\000h\000y\000\040\000t\000h\000e\000\040\000D\000e\000p\000e\000n\000d\000e\000n\000c\000e\000\040\000o\000f\000\040\000C\000a\000l\000l\000e\000r\000\040\000o\000n\000\040\000C\000a\000l\000l\000e\000e\000\040\000M\000a\000t\000t\000e\000r\000s}{chapter.6}% 138
\BOOKMARK [1][-]{section.6.2}{\376\377\000W\000h\000e\000r\000e\000\040\000S\000i\000n\000g\000l\000e\000-\000P\000a\000s\000s\000\040\000P\000r\000o\000p\000a\000g\000a\000t\000i\000o\000n\000\040\000I\000s\000\040\000B\000l\000i\000n\000d}{chapter.6}% 139
\BOOKMARK [1][-]{section.6.3}{\376\377\000T\000h\000e\000\040\000R\000e\000f\000i\000n\000e\000m\000e\000n\000t\000\040\000P\000a\000s\000s}{chapter.6}% 140
\BOOKMARK [2][-]{subsection.6.3.1}{\376\377\000D\000r\000i\000v\000e\000r}{section.6.3}% 141
\BOOKMARK [2][-]{subsection.6.3.2}{\376\377\000P\000e\000r\000-\000M\000e\000t\000h\000o\000d\000\040\000R\000e\000f\000i\000n\000e\000m\000e\000n\000t}{section.6.3}% 142
\BOOKMARK [2][-]{subsection.6.3.3}{\376\377\000W\000h\000y\000\040\000P\000o\000s\000t\000c\000o\000n\000d\000i\000t\000i\000o\000n\000\040\000P\000r\000o\000p\000a\000g\000a\000t\000i\000o\000n\000\040\000N\000e\000e\000d\000s\000\040\000a\000\040\000T\000e\000r\000m\000i\000n\000a\000t\000i\000o\000n\000\040\000G\000a\000t\000e}{section.6.3}% 143
\BOOKMARK [2][-]{subsection.6.3.4}{\376\377\000T\000h\000e\000\040\000D\000r\000i\000v\000e\000r\000\040\000i\000n\000\040\000D\000e\000t\000a\000i\000l}{section.6.3}% 144
\BOOKMARK [2][-]{subsection.6.3.5}{\376\377\000C\000l\000a\000s\000s\000-\000H\000i\000e\000r\000a\000r\000c\000h\000y\000\040\000A\000n\000a\000l\000y\000s\000i\000s\000\040\000a\000n\000d\000\040\000D\000i\000s\000p\000a\000t\000c\000h\000\040\000P\000r\000e\000c\000i\000s\000i\000o\000n}{section.6.3}% 145
\BOOKMARK [2][-]{subsection.6.3.6}{\376\377\000W\000h\000a\000t\000\040\000t\000h\000e\000\040\000P\000a\000s\000s\000\040\000I\000s\000\040\000a\000n\000d\000\040\000I\000s\000\040\000N\000o\000t}{section.6.3}% 146
\BOOKMARK [1][-]{section.6.4}{\376\377\000T\000h\000e\000\040\000S\000o\000u\000n\000d\000n\000e\000s\000s\000\040\000o\000f\000\040\000S\000u\000b\000s\000t\000i\000t\000u\000t\000i\000o\000n}{chapter.6}% 147
\BOOKMARK [1][-]{section.6.5}{\376\377\000E\000m\000p\000i\000r\000i\000c\000a\000l\000\040\000M\000e\000a\000s\000u\000r\000e\000m\000e\000n\000t}{chapter.6}% 148
\BOOKMARK [2][-]{subsection.6.5.1}{\376\377\000S\000u\000b\000j\000e\000c\000t\000s\000\040\000a\000n\000d\000\040\000M\000e\000t\000h\000o\000d}{section.6.5}% 149
\BOOKMARK [2][-]{subsection.6.5.2}{\376\377\000T\000h\000e\000\040\000C\000a\000l\000l\000\040\000G\000r\000a\000p\000h\000\040\000a\000n\000d\000\040\000t\000h\000e\000\040\000M\000e\000a\000s\000u\000r\000e\000m\000e\000n\000t\000\040\000H\000a\000r\000n\000e\000s\000s}{section.6.5}% 150
\BOOKMARK [2][-]{subsection.6.5.3}{\376\377\000H\000e\000a\000d\000l\000i\000n\000e\000\040\000R\000e\000s\000u\000l\000t\000\040\000\050\000R\000Q\0004\000\051}{section.6.5}% 151
\BOOKMARK [2][-]{subsection.6.5.4}{\376\377\000S\000h\000a\000p\000e\000\040\000D\000i\000s\000t\000r\000i\000b\000u\000t\000i\000o\000n}{section.6.5}% 152
\BOOKMARK [2][-]{subsection.6.5.5}{\376\377\000I\000n\000t\000e\000r\000p\000r\000e\000t\000i\000n\000g\000\040\000t\000h\000e\000\040\000M\000a\000g\000n\000i\000t\000u\000d\000e}{section.6.5}% 153
\BOOKMARK [2][-]{subsection.6.5.6}{\376\377\000R\000u\000n\000t\000i\000m\000e\000\040\000C\000o\000s\000t}{section.6.5}% 154
\BOOKMARK [1][-]{section.6.6}{\376\377\000T\000h\000e\000\040\000C\000h\000a\000r\000a\000c\000t\000e\000r\000\040\000o\000f\000\040\000E\000a\000c\000h\000\040\000L\000i\000b\000r\000a\000r\000y}{chapter.6}% 155
\BOOKMARK [1][-]{section.6.7}{\376\377\000F\000r\000o\000m\000\040\000C\000o\000m\000p\000o\000s\000i\000t\000i\000o\000n\000a\000l\000\040\000D\000e\000p\000e\000n\000d\000e\000n\000c\000e\000\040\000t\000o\000\040\000C\000o\000m\000p\000a\000t\000i\000b\000i\000l\000i\000t\000y\000\040\000A\000n\000a\000l\000y\000s\000i\000s}{chapter.6}% 156
\BOOKMARK [1][-]{section.6.8}{\376\377\000P\000r\000e\000l\000i\000m\000i\000n\000a\000r\000y\000\040\000D\000o\000w\000n\000s\000t\000r\000e\000a\000m\000\040\000S\000i\000g\000n\000a\000l}{chapter.6}% 157
\BOOKMARK [1][-]{section.6.9}{\376\377\000W\000o\000r\000k\000e\000d\000\040\000E\000x\000a\000m\000p\000l\000e\000s\000\040\000o\000f\000\040\000t\000h\000e\000\040\000T\000w\000o\000\040\000S\000h\000a\000p\000e\000s}{chapter.6}% 158
\BOOKMARK [1][-]{section.6.10}{\376\377\000P\000o\000s\000i\000t\000i\000o\000n\000i\000n\000g}{chapter.6}% 159
\BOOKMARK [1][-]{section.6.11}{\376\377\000I\000m\000p\000l\000i\000c\000a\000t\000i\000o\000n\000s\000\040\000f\000o\000r\000\040\000I\000n\000f\000e\000r\000r\000e\000r\000\040\000A\000r\000c\000h\000i\000t\000e\000c\000t\000u\000r\000e}{chapter.6}% 160
\BOOKMARK [1][-]{section.6.12}{\376\377\000T\000h\000r\000e\000a\000t\000s\000\040\000t\000o\000\040\000V\000a\000l\000i\000d\000i\000t\000y}{chapter.6}% 161
\BOOKMARK [1][-]{section.6.13}{\376\377\000S\000u\000m\000m\000a\000r\000y}{chapter.6}% 162
\BOOKMARK [0][-]{chapter.7}{\376\377\000D\000i\000s\000c\000u\000s\000s\000i\000o\000n\000\040\000a\000n\000d\000\040\000S\000y\000n\000t\000h\000e\000s\000i\000s}{}% 163
\BOOKMARK [1][-]{section.7.1}{\376\377\000T\000h\000e\000\040\000A\000d\000o\000p\000t\000i\000o\000n\000\040\000A\000r\000g\000u\000m\000e\000n\000t}{chapter.7}% 164
\BOOKMARK [1][-]{section.7.2}{\376\377\000T\000h\000e\000\040\000C\000o\000h\000e\000r\000e\000n\000c\000e\000\040\000o\000f\000\040\000t\000h\000e\000\040\000W\000h\000o\000l\000e}{chapter.7}% 165
\BOOKMARK [1][-]{section.7.3}{\376\377\000H\000e\000u\000r\000i\000s\000t\000i\000c\000\040\000I\000n\000f\000e\000r\000e\000n\000c\000e\000,\000\040\000F\000o\000r\000m\000a\000l\000\040\000V\000a\000l\000i\000d\000a\000t\000i\000o\000n}{chapter.7}% 166
\BOOKMARK [1][-]{section.7.4}{\376\377\000W\000h\000a\000t\000\040\000t\000h\000e\000\040\000S\000t\000u\000d\000i\000e\000s\000\040\000J\000o\000i\000n\000t\000l\000y\000\040\000E\000s\000t\000a\000b\000l\000i\000s\000h\000\040\000A\000b\000o\000u\000t\000\040\000V\000a\000l\000u\000e}{chapter.7}% 167
\BOOKMARK [1][-]{section.7.5}{\376\377\000T\000h\000e\000\040\000E\000c\000o\000n\000o\000m\000i\000c\000s\000\040\000o\000f\000\040\000t\000h\000e\000\040\000P\000i\000p\000e\000l\000i\000n\000e}{chapter.7}% 168
\BOOKMARK [1][-]{section.7.6}{\376\377\000T\000e\000n\000s\000i\000o\000n\000s\000\040\000a\000n\000d\000\040\000D\000e\000s\000i\000g\000n\000\040\000T\000r\000a\000d\000e\000-\000o\000f\000f\000s}{chapter.7}% 169
\BOOKMARK [1][-]{section.7.7}{\376\377\000T\000h\000e\000\040\000L\000a\000n\000g\000u\000a\000g\000e\000\040\000M\000o\000d\000e\000l\000\040\000a\000s\000\040\000P\000r\000o\000d\000u\000c\000e\000r\000\040\000a\000n\000d\000\040\000C\000o\000n\000s\000u\000m\000e\000r}{chapter.7}% 170
\BOOKMARK [1][-]{section.7.8}{\376\377\000T\000o\000w\000a\000r\000d\000\040\000A\000u\000t\000o\000m\000a\000t\000e\000d\000\040\000S\000p\000e\000c\000i\000f\000i\000c\000a\000t\000i\000o\000n\000\040\000E\000n\000g\000i\000n\000e\000e\000r\000i\000n\000g}{chapter.7}% 171
\BOOKMARK [1][-]{section.7.9}{\376\377\000C\000o\000m\000b\000i\000n\000e\000d\000\040\000T\000h\000r\000e\000a\000t\000s\000\040\000t\000o\000\040\000V\000a\000l\000i\000d\000i\000t\000y}{chapter.7}% 172
\BOOKMARK [1][-]{section.7.10}{\376\377\000E\000n\000g\000i\000n\000e\000e\000r\000i\000n\000g\000\040\000L\000e\000s\000s\000o\000n\000s}{chapter.7}% 173
\BOOKMARK [1][-]{section.7.11}{\376\377\000T\000h\000e\000\040\000R\000e\000c\000u\000r\000r\000i\000n\000g\000\040\000R\000o\000l\000e\000\040\000o\000f\000\040\000N\000e\000g\000a\000t\000i\000v\000e\000\040\000R\000e\000s\000u\000l\000t\000s}{chapter.7}% 174
\BOOKMARK [1][-]{section.7.12}{\376\377\000W\000h\000a\000t\000\040\000W\000o\000u\000l\000d\000\040\000F\000a\000l\000s\000i\000f\000y\000\040\000t\000h\000e\000\040\000T\000h\000e\000s\000i\000s}{chapter.7}% 175
\BOOKMARK [1][-]{section.7.13}{\376\377\000S\000u\000m\000m\000a\000r\000y}{chapter.7}% 176
\BOOKMARK [0][-]{chapter.8}{\376\377\000C\000o\000n\000c\000l\000u\000s\000i\000o\000n\000\040\000a\000n\000d\000\040\000F\000u\000t\000u\000r\000e\000\040\000W\000o\000r\000k}{}% 177
\BOOKMARK [1][-]{section.8.1}{\376\377\000S\000u\000m\000m\000a\000r\000y\000\040\000o\000f\000\040\000C\000o\000n\000t\000r\000i\000b\000u\000t\000i\000o\000n\000s}{chapter.8}% 178
\BOOKMARK [1][-]{section.8.2}{\376\377\000T\000h\000e\000\040\000E\000m\000p\000i\000r\000i\000c\000a\000l\000\040\000F\000i\000n\000d\000i\000n\000g\000s\000\040\000a\000t\000\040\000a\000\040\000G\000l\000a\000n\000c\000e}{chapter.8}% 179
\BOOKMARK [1][-]{section.8.3}{\376\377\000R\000e\000f\000l\000e\000c\000t\000i\000o\000n\000s\000\040\000o\000n\000\040\000t\000h\000e\000\040\000M\000e\000t\000h\000o\000d\000o\000l\000o\000g\000y}{chapter.8}% 180
\BOOKMARK [1][-]{section.8.4}{\376\377\000L\000i\000m\000i\000t\000a\000t\000i\000o\000n\000s}{chapter.8}% 181
\BOOKMARK [1][-]{section.8.5}{\376\377\000F\000u\000t\000u\000r\000e\000\040\000W\000o\000r\000k}{chapter.8}% 182
\BOOKMARK [1][-]{section.8.6}{\376\377\000A\000\040\000R\000e\000s\000e\000a\000r\000c\000h\000\040\000R\000o\000a\000d\000m\000a\000p}{chapter.8}% 183
\BOOKMARK [1][-]{section.8.7}{\376\377\000B\000r\000o\000a\000d\000e\000r\000\040\000I\000m\000p\000l\000i\000c\000a\000t\000i\000o\000n\000s}{chapter.8}% 184
\BOOKMARK [1][-]{section.8.8}{\376\377\000C\000l\000o\000s\000i\000n\000g\000\040\000R\000e\000m\000a\000r\000k\000s}{chapter.8}% 185
